C51 COMPILER V9.01   DELAY                                                                 11/19/2016 22:07:34 PAGE 1   


C51 COMPILER V9.01, COMPILATION OF MODULE DELAY
OBJECT MODULE PLACED IN delay.OBJ
COMPILER INVOKED BY: d:\C51\BIN\C51.EXE delay.c BROWSE DEBUG OBJECTEXTEND

line level    source

   1          #include "delay.h"
   2          
   3          
   4          /**********************************************<+><+><+><+><+>★【robot】★<+><+><+><+><+>****************
             -********************************
   5          函数名称：delay8us
   6          函数功能：用于精确控制舵机PWM输出的延时
   7          输入参数：uchar num
   8          输出参数：无
   9          ***********************************************<<<<<<<<<<<<<<<★【robot】★>>>>>>>>>>>>>>>****************
             -********************************/
  10          void delay8us(uchar num)
  11          {
  12   1              uchar i,j;
  13   1              for(j=0;j<num;j++)
  14   1                      for (i=0;i<24;i++)                              //18   24               20 示波器侧21
  15   1                      ;
  16   1      }               
  17          /**********************************************<+><+><+><+><+>★【robot】★<+><+><+><+><+>****************
             -********************************
  18          函数名称：delay10us
  19          函数功能：用于10us*num的延时
  20          输入参数：uchar num
  21          输出参数：无
  22          ***********************************************<<<<<<<<<<<<<<<★【robot】★>>>>>>>>>>>>>>>****************
             -********************************/
  23          void delay10us(uchar num)
  24          {
  25   1              uchar i,j;
  26   1              for(j=0;j<num;j++)
  27   1                      for (i=0;i<23;i++)
  28   1                      ;
  29   1      }
  30          /**********************************************<+><+><+><+><+>★【robot】★<+><+><+><+><+>****************
             -********************************
  31          函数名称：delay100us
  32          函数功能：用于100us*num的延时
  33          输入参数：uchar num
  34          输出参数：无
  35          ***********************************************<<<<<<<<<<<<<<<★【robot】★>>>>>>>>>>>>>>>****************
             -********************************/ 
  36          void delay100us(uchar num)
  37          {
  38   1              uchar i,j;
  39   1              for(j=0;j<num;j++)
  40   1                      for (i=0;i<1;i++)
  41   1                              delay10us(11);
  42   1      }
  43          /**********************************************<+><+><+><+><+>★【robot】★<+><+><+><+><+>****************
             -********************************
  44          函数名称：delay500us
  45          函数功能：用于500us*num的延时
  46          输入参数：uchar num
  47          输出参数：无
  48          ***********************************************<<<<<<<<<<<<<<<★【robot】★>>>>>>>>>>>>>>>****************
C51 COMPILER V9.01   DELAY                                                                 11/19/2016 22:07:34 PAGE 2   

             -********************************/ 
  49          void delay500us(uchar num)
  50          {
  51   1              uchar i,j;
  52   1                      for(j=0;j<num;j++)
  53   1                              for (i=0;i<1;i++)
  54   1                                      delay10us(55);
  55   1      }
  56          /**********************************************<+><+><+><+><+>★【robot】★<+><+><+><+><+>****************
             -********************************
  57          函数名称：delay1ms
  58          函数功能：用于1ms*num的延时
  59          输入参数：uchar num
  60          输出参数：无
  61          ***********************************************<<<<<<<<<<<<<<<★【robot】★>>>>>>>>>>>>>>>****************
             -********************************/
  62          void delay1ms(uchar num)
  63          {
  64   1              uchar i,j;
  65   1                      for(j=0;j<num;j++)
  66   1                              for (i=0;i<1;i++)
  67   1                                      delay10us(110);
  68   1      }
  69          /**********************************************<+><+><+><+><+>★【robot】★<+><+><+><+><+>****************
             -********************************
  70          函数名称：delay10ms
  71          函数功能：用于10ms*num的延时
  72          输入参数：uchar num
  73          输出参数：无
  74          ***********************************************<<<<<<<<<<<<<<<★【robot】★>>>>>>>>>>>>>>>****************
             -********************************/
  75          void delay10ms(uchar num)
  76          {
  77   1              uchar i,j;
  78   1                      for(j=0;j<num;j++)
  79   1                              for (i=0;i<1;i++)
  80   1                                      delay1ms(10);
  81   1      }
  82          /**********************************************<+><+><+><+><+>★【robot】★<+><+><+><+><+>****************
             -********************************
  83          函数名称：delay500ms
  84          函数功能：用于500ms*num的延时
  85          输入参数：uchar num
  86          输出参数：无
  87          ***********************************************<<<<<<<<<<<<<<<★【robot】★>>>>>>>>>>>>>>>****************
             -********************************/
  88          void delay500ms(uchar num)
  89          {
  90   1              uchar i,j;
  91   1                      for(j=0;j<num;j++)
  92   1                              for (i=0;i<50;i++)
  93   1                                      delay1ms(10);
  94   1      }
  95          


MODULE INFORMATION:   STATIC OVERLAYABLE
   CODE SIZE        =    162    ----
   CONSTANT SIZE    =   ----    ----
   XDATA SIZE       =   ----    ----
   PDATA SIZE       =   ----    ----
   DATA SIZE        =   ----       4
C51 COMPILER V9.01   DELAY                                                                 11/19/2016 22:07:34 PAGE 3   

   IDATA SIZE       =   ----    ----
   BIT SIZE         =   ----    ----
END OF MODULE INFORMATION.


C51 COMPILATION COMPLETE.  0 WARNING(S),  0 ERROR(S)
