C51 COMPILER V9.01   TIMER                                                                 11/19/2016 22:07:32 PAGE 1   


C51 COMPILER V9.01, COMPILATION OF MODULE TIMER
OBJECT MODULE PLACED IN timer.OBJ
COMPILER INVOKED BY: d:\C51\BIN\C51.EXE timer.c BROWSE DEBUG OBJECTEXTEND

line level    source

   1          #include "timer.h"
   2          
   3          bit timer0_end=0;
   4          
   5          /**********************************************<+><+><+><+><+>★【robot】★<+><+><+><+><+>****************
             -********************************
   6          函数名称：timer0_init
   7          函数功能：t0定时器初始化，用于舵机2.5ms定时
   8          输入    ：无 
   9          输出    ：无
  10          备注    ：没有开启定时
  11          ***********************************************<<<<<<<<<<<<<<<★【robot】★>>>>>>>>>>>>>>>****************
             -********************************/
  12          void timer0_init(void)
  13          {
  14   1              AUXR &= 0x7F;                           //定时器时钟12T模式
  15   1              TMOD |= 0x01;
  16   1              IP   |= 0x02;                           //PT0=1;
  17   1              IPH  |= 0x02;                           //PT0H=1；PTH0:PT0=1:1定时器0为最高中断优先级（优先级3）
  18   1              TH0=0xee;                               //22.1184MHz,2.5Ms定时ee00
  19   1              TL0=0x00;
  20   1              ET0=1;                                          
  21   1              EA=1;
  22   1              timer0_end=1;
  23   1      }
  24          
  25          /**********************************************<+><+><+><+><+>★【robot】★<+><+><+><+><+>****************
             -********************************
  26          函数名称：timer0_start
  27          函数功能：同周期定时器0设置及启动程序，使每变化一个变化量的周期相同      给寄存器填值
  28          输入    ：uint THTL
  29          输出    ：无
  30           **********************************************<<<<<<<<<<<<<<<★【robot】★>>>>>>>>>>>>>>>****************
             -********************************/
  31          void timer0_start(uint THTL)
  32          {
  33   1              TH0=THTL>>8;                      //22.1184MHz,2.5Ms定时ee00
  34   1              TL0=THTL;
  35   1              timer0_end=0;
  36   1              TR0=1;
  37   1      }
  38          
  39          /**********************************************<+><+><+><+><+>★【robot】★<+><+><+><+><+>****************
             -********************************
  40          函数名称：void timer0_interrupt(void) interrupt 1
  41          函数功能：定时器t0中断服务函数函数      中断一次填一次值 标记一次一个2.5ms到了
  42          输入    ：无
  43          输出    ：无
  44          ***********************************************<<<<<<<<<<<<<<<★【robot】★>>>>>>>>>>>>>>>****************
             -********************************/
  45          
  46          void timer0_interrupt(void) interrupt 1
  47          {  
  48   1         TH0=0xee;                 //22.1184MHz,2.5Ms定时ee00
  49   1         TL0=0x00;
C51 COMPILER V9.01   TIMER                                                                 11/19/2016 22:07:32 PAGE 2   

  50   1         timer0_end=1;
  51   1      }
  52          
  53          /**********************************************<+><+><+><+><+>★【robot】★<+><+><+><+><+>****************
             -********************************
  54          函数名称：timer1_init
  55          函数功能：t1定时器初始化，用于红外遥控解码定时
  56          输入    ：无 
  57          输出    ：无
  58          备注    ：没有开启定时
  59           **********************************************<<<<<<<<<<<<<<<★【robot】★>>>>>>>>>>>>>>>****************
             -********************************/
  60          void timer1_init(void)
  61          {       
  62   1          AUXR &= 0xbf;              //timer1 work in 12T mode
  63   1          TMOD |= 0x10;              //set timer1 as mode1 (16-bit)
  64   1      
  65   1              IP   |= 0x04;                           //PT1=1;
  66   1              IPH  |= 0x04;                           //PT1H=1；PT1H:PT1=1:1定时器1为最高中断优先级（优先级3）
  67   1      
  68   1          TL1 = 0x00;                //clear initial timer1 low byte
  69   1          TH1 = 0x00;                //clear initial timer1 high byte
  70   1          ET1 = 1;                   //clear enable timer1 interrupt
  71   1          EA = 1;                    //clear open global interrupt switch
  72   1              TR1 = 0;                   //clear timer1 stop running
  73   1      }
  74          
  75          /**********************************************<+><+><+><+><+>★【robot】★<+><+><+><+><+>****************
             -********************************
  76          函数名称：void timer1_interrupt(void) interrupt 3
  77          函数功能：定时器t0中断服务函数函数      中断一次填一次值 标记一次一个2.5ms到了
  78          输入    ：无
  79          输出    ：无
  80          ***********************************************<<<<<<<<<<<<<<<★【robot】★>>>>>>>>>>>>>>>****************
             -********************************/
  81          
  82          void time1_interrupt() interrupt 3 
  83          {
  84   1          TL1 = 0x00;                //reload timer1 low byte
  85   1          TH1 = 0x00;                //reload timer1 high byte
  86   1      }


MODULE INFORMATION:   STATIC OVERLAYABLE
   CODE SIZE        =     78    ----
   CONSTANT SIZE    =   ----    ----
   XDATA SIZE       =   ----    ----
   PDATA SIZE       =   ----    ----
   DATA SIZE        =   ----    ----
   IDATA SIZE       =   ----    ----
   BIT SIZE         =      1    ----
END OF MODULE INFORMATION.


C51 COMPILATION COMPLETE.  0 WARNING(S),  0 ERROR(S)
